// Jest Snapshot v1, https://goo.gl/fbAQLP

exports[`renders without crashing 1`] = `
<Segment
  bordered={false}
  className="flex flex-column"
  elevation={1}
  padded={false}
>
  <Component
    className="mb-1"
    muted={true}
    uppercase={true}
    weight={500}
  >
    test
  </Component>
  <div
    className="flex justify-between items-center mb-1 undefined"
    key="test"
  >
    <Typography>
      test
    </Typography>
    <Typography>
      test
    </Typography>
  </div>
</Segment>
`;
