// Jest Snapshot v1, https://goo.gl/fbAQLP

exports[`renders FormatNumber without crashing 1`] = `
<FormatNumber
  thousandSeparator={true}
  value={0}
>
  <NumberFormat
    allowEmptyFormatting={false}
    allowLeadingZeros={false}
    allowNegative={true}
    decimalSeparator="."
    displayType="text"
    fixedDecimalScale={false}
    getInputRef={[Function]}
    isAllowed={[Function]}
    isNumericString={false}
    onBlur={[Function]}
    onChange={[Function]}
    onFocus={[Function]}
    onKeyDown={[Function]}
    onMouseUp={[Function]}
    onValueChange={[Function]}
    prefix=""
    suffix=""
    thousandSeparator={true}
    thousandsGroupStyle="thousand"
    type="text"
    value={0}
  >
    <span>
      0
    </span>
  </NumberFormat>
</FormatNumber>
`;
