// Jest Snapshot v1, https://goo.gl/fbAQLP

exports[`Date matches snapshot 1`] = `
<Date$1
  appearance="contrast"
  input={
    Object {
      "name": "nunyah",
      "onBlur": [Function],
      "onChange": [Function],
      "onFocus": [Function],
      "value": "1984-09-09",
    }
  }
  label="Date"
  meta={Object {}}
>
  <DatePickerBase
    appearance="contrast"
    label="Date"
    name="nunyah"
    onBlur={[Function]}
    onChange={[Function]}
    onFocus={[Function]}
    value="1984-09-09"
  >
    <FloatingLabelWrapper
      appearance="contrast"
      floatLabel={true}
      label="Date"
      name="nunyah"
      onBlur={[Function]}
      onFocus={[Function]}
      value="1984-09-09"
    >
      <div
        className="FloatingLabelWrapper ContrastInput "
        style={
          Object {
            "color": "hsl(0, 2%, 12%)",
            "cursor": "text",
            "position": "relative",
          }
        }
      >
        <div
          className="inputWrapper  bd-radius"
        >
          <LowLevelDatePicker
            onBlur={[Function]}
            onChange={[Function]}
            onClick={[Function]}
            onFocus={[Function]}
            rangeError={false}
            setHasValue={[Function]}
            setNativeElRef={[Function]}
            setRangeError={[Function]}
            style={
              Object {
                "color": "hsl(0, 2%, 12%)",
                "cursor": "text",
                "textAlign": undefined,
              }
            }
            value="1984-09-09"
          >
            <div
              className=""
              style={
                Object {
                  "color": "hsl(0, 2%, 12%)",
                  "cursor": "text",
                  "position": "relative",
                  "textAlign": undefined,
                }
              }
            >
              <NumberFormat
                allowEmptyFormatting={false}
                allowLeadingZeros={false}
                allowNegative={true}
                aria-invalid={false}
                className="LowLevelDatePickerInput LowLevelDatePicker-module_input__JwcFZ"
                data-testid="LowLevelDatePickerInput"
                decimalSeparator="."
                displayType="input"
                fixedDecimalScale={false}
                format="##-##-####"
                getInputRef={[Function]}
                isAllowed={[Function]}
                isNumericString={false}
                mask={
                  Array [
                    "M",
                    "M",
                    "D",
                    "D",
                    "Y",
                    "Y",
                    "Y",
                    "Y",
                  ]
                }
                onBlur={[Function]}
                onChange={[Function]}
                onClick={[Function]}
                onFocus={[Function]}
                onKeyDown={[Function]}
                onMouseUp={[Function]}
                onValueChange={[Function]}
                prefix=""
                suffix=""
                thousandsGroupStyle="thousand"
                type="text"
                value="09-09-1984"
              >
                <input
                  aria-invalid={false}
                  className="LowLevelDatePickerInput LowLevelDatePicker-module_input__JwcFZ"
                  data-testid="LowLevelDatePickerInput"
                  onBlur={[Function]}
                  onChange={[Function]}
                  onClick={[Function]}
                  onFocus={[Function]}
                  onKeyDown={[Function]}
                  onMouseUp={[Function]}
                  type="text"
                  value="09-09-1984"
                />
              </NumberFormat>
              <Picker
                dateTime={
                  Object {
                    "day": "09",
                    "month": "09",
                    "year": "1984",
                  }
                }
                goToSection={[Function]}
                minDate={
                  Object {
                    "minDay": 1,
                    "minMonth": 1,
                    "minYear": 1980,
                  }
                }
                open={false}
                picker="month"
                setMonth={[Function]}
                setMonthAndDay={[Function]}
                setYear={[Function]}
                style={
                  Object {
                    "position": "absolute",
                    "top": 50,
                  }
                }
              >
                <AnimateHeight
                  animateOpacity={false}
                  animationStateClasses={
                    Object {
                      "animating": "rah-animating",
                      "animatingDown": "rah-animating--down",
                      "animatingToHeightAuto": "rah-animating--to-height-auto",
                      "animatingToHeightSpecific": "rah-animating--to-height-specific",
                      "animatingToHeightZero": "rah-animating--to-height-zero",
                      "animatingUp": "rah-animating--up",
                      "static": "rah-static",
                      "staticHeightAuto": "rah-static--height-auto",
                      "staticHeightSpecific": "rah-static--height-specific",
                      "staticHeightZero": "rah-static--height-zero",
                    }
                  }
                  applyInlineTransitions={true}
                  data-testid="pickerContainer"
                  delay={0}
                  duration={250}
                  easing="ease-in"
                  height={0}
                  style={
                    Object {
                      "position": "absolute",
                      "top": 50,
                      "zIndex": 2,
                    }
                  }
                >
                  <div
                    aria-hidden={true}
                    className="rah-static rah-static--height-zero"
                    data-testid="pickerContainer"
                    style={
                      Object {
                        "height": 0,
                        "overflow": "hidden",
                        "position": "absolute",
                        "top": 50,
                        "zIndex": 2,
                      }
                    }
                  >
                    <div
                      style={Object {}}
                    >
                      <Segment
                        bordered={false}
                        className=""
                        elevation={1}
                        padded={true}
                        style={
                          Object {
                            "display": "inline-block",
                            "position": "relative",
                          }
                        }
                      >
                        <div
                          className="Segment-module_CohubSegment__3MMwJ Segment-module_padded__39Fvk "
                          style={
                            Object {
                              "backgroundColor": "hsl(0, 0%, 100%)",
                              "border": "",
                              "boxShadow": "0px -1px 1px rgba(0, 0, 0, 0.03), 0px 1px 1px rgba(0, 0, 0, 0.14)",
                              "display": "inline-block",
                              "position": "relative",
                            }
                          }
                        >
                          <div
                            className="flex justify-center align-items-center mb-1"
                          >
                            <DateHeader
                              day="09"
                              month="09"
                              onClick={[Function]}
                              picker="month"
                              year="1984"
                            >
                              <div
                                className="flex"
                              >
                                <MonthUnit
                                  active={true}
                                  onClick={[Function]}
                                >
                                  <AnimateHeight
                                    animateOpacity={false}
                                    animationStateClasses={
                                      Object {
                                        "animating": "rah-animating",
                                        "animatingDown": "rah-animating--down",
                                        "animatingToHeightAuto": "rah-animating--to-height-auto",
                                        "animatingToHeightSpecific": "rah-animating--to-height-specific",
                                        "animatingToHeightZero": "rah-animating--to-height-zero",
                                        "animatingUp": "rah-animating--up",
                                        "static": "rah-static",
                                        "staticHeightAuto": "rah-static--height-auto",
                                        "staticHeightSpecific": "rah-static--height-specific",
                                        "staticHeightZero": "rah-static--height-zero",
                                      }
                                    }
                                    applyInlineTransitions={true}
                                    delay={0}
                                    duration={250}
                                    easing="ease"
                                    height="auto"
                                    style={
                                      Object {
                                        "display": "inline-block",
                                      }
                                    }
                                  >
                                    <div
                                      aria-hidden={false}
                                      className="rah-static rah-static--height-auto"
                                      style={
                                        Object {
                                          "display": "inline-block",
                                          "height": "auto",
                                          "overflow": "visible",
                                        }
                                      }
                                    >
                                      <div
                                        style={Object {}}
                                      >
                                        <DateUnitButton
                                          active={true}
                                          onClick={[Function]}
                                        >
                                          <Blank
                                            className="SectionNavigation-module_action__wr6E9 SectionNavigation-module_active__3scI6"
                                            onClick={[Function]}
                                            tabIndex={-1}
                                          >
                                            <button
                                              className="Blank-module_ButtonBlank__2u_7K SectionNavigation-module_action__wr6E9 SectionNavigation-module_active__3scI6"
                                              onClick={[Function]}
                                              tabIndex={-1}
                                            >
                                              <Typography
                                                style={Object {}}
                                              >
                                                <Component
                                                  style={Object {}}
                                                >
                                                  <span
                                                    className=""
                                                    data-qa="text"
                                                    style={
                                                      Object {
                                                        "color": "hsl(0, 2%, 22%)",
                                                        "fontFamily": "Inter",
                                                        "fontSize": "14px",
                                                        "fontWeight": 400,
                                                        "textAlign": "initial",
                                                        "textTransform": "initial",
                                                      }
                                                    }
                                                  >
                                                    <Typography
                                                      bold={true}
                                                    >
                                                      <Component
                                                        bold={true}
                                                      >
                                                        <span
                                                          className=""
                                                          data-qa="text"
                                                          style={
                                                            Object {
                                                              "color": "hsl(0, 2%, 22%)",
                                                              "fontFamily": "Inter",
                                                              "fontSize": "14px",
                                                              "fontWeight": 600,
                                                              "textAlign": "initial",
                                                              "textTransform": "initial",
                                                            }
                                                          }
                                                        >
                                                          September
                                                        </span>
                                                      </Component>
                                                    </Typography>
                                                  </span>
                                                </Component>
                                              </Typography>
                                            </button>
                                          </Blank>
                                        </DateUnitButton>
                                         
                                      </div>
                                    </div>
                                  </AnimateHeight>
                                </MonthUnit>
                                <DayUnit
                                  active={false}
                                  onClick={[Function]}
                                >
                                  <AnimateHeight
                                    animateOpacity={false}
                                    animationStateClasses={
                                      Object {
                                        "animating": "rah-animating",
                                        "animatingDown": "rah-animating--down",
                                        "animatingToHeightAuto": "rah-animating--to-height-auto",
                                        "animatingToHeightSpecific": "rah-animating--to-height-specific",
                                        "animatingToHeightZero": "rah-animating--to-height-zero",
                                        "animatingUp": "rah-animating--up",
                                        "static": "rah-static",
                                        "staticHeightAuto": "rah-static--height-auto",
                                        "staticHeightSpecific": "rah-static--height-specific",
                                        "staticHeightZero": "rah-static--height-zero",
                                      }
                                    }
                                    applyInlineTransitions={true}
                                    delay={0}
                                    duration={250}
                                    easing="ease"
                                    height="auto"
                                    style={
                                      Object {
                                        "display": "inline-block",
                                      }
                                    }
                                  >
                                    <div
                                      aria-hidden={false}
                                      className="rah-static rah-static--height-auto"
                                      style={
                                        Object {
                                          "display": "inline-block",
                                          "height": "auto",
                                          "overflow": "visible",
                                        }
                                      }
                                    >
                                      <div
                                        style={Object {}}
                                      >
                                        <DateUnitButton
                                          active={false}
                                          onClick={[Function]}
                                        >
                                          <Blank
                                            className="SectionNavigation-module_action__wr6E9 "
                                            onClick={[Function]}
                                            tabIndex={-1}
                                          >
                                            <button
                                              className="Blank-module_ButtonBlank__2u_7K SectionNavigation-module_action__wr6E9 "
                                              onClick={[Function]}
                                              tabIndex={-1}
                                            >
                                              <Typography
                                                style={Object {}}
                                              >
                                                <Component
                                                  style={Object {}}
                                                >
                                                  <span
                                                    className=""
                                                    data-qa="text"
                                                    style={
                                                      Object {
                                                        "color": "hsl(0, 2%, 22%)",
                                                        "fontFamily": "Inter",
                                                        "fontSize": "14px",
                                                        "fontWeight": 400,
                                                        "textAlign": "initial",
                                                        "textTransform": "initial",
                                                      }
                                                    }
                                                  >
                                                    <Typography
                                                      bold={true}
                                                    >
                                                      <Component
                                                        bold={true}
                                                      >
                                                        <span
                                                          className=""
                                                          data-qa="text"
                                                          style={
                                                            Object {
                                                              "color": "hsl(0, 2%, 22%)",
                                                              "fontFamily": "Inter",
                                                              "fontSize": "14px",
                                                              "fontWeight": 600,
                                                              "textAlign": "initial",
                                                              "textTransform": "initial",
                                                            }
                                                          }
                                                        >
                                                          09
                                                        </span>
                                                      </Component>
                                                    </Typography>
                                                  </span>
                                                </Component>
                                              </Typography>
                                            </button>
                                          </Blank>
                                        </DateUnitButton>
                                      </div>
                                    </div>
                                  </AnimateHeight>
                                </DayUnit>
                                <YearUnit
                                  active={false}
                                  onClick={[Function]}
                                >
                                  <AnimateHeight
                                    animateOpacity={false}
                                    animationStateClasses={
                                      Object {
                                        "animating": "rah-animating",
                                        "animatingDown": "rah-animating--down",
                                        "animatingToHeightAuto": "rah-animating--to-height-auto",
                                        "animatingToHeightSpecific": "rah-animating--to-height-specific",
                                        "animatingToHeightZero": "rah-animating--to-height-zero",
                                        "animatingUp": "rah-animating--up",
                                        "static": "rah-static",
                                        "staticHeightAuto": "rah-static--height-auto",
                                        "staticHeightSpecific": "rah-static--height-specific",
                                        "staticHeightZero": "rah-static--height-zero",
                                      }
                                    }
                                    applyInlineTransitions={true}
                                    delay={0}
                                    duration={250}
                                    easing="ease"
                                    height="auto"
                                    style={
                                      Object {
                                        "display": "inline-block",
                                      }
                                    }
                                  >
                                    <div
                                      aria-hidden={false}
                                      className="rah-static rah-static--height-auto"
                                      style={
                                        Object {
                                          "display": "inline-block",
                                          "height": "auto",
                                          "overflow": "visible",
                                        }
                                      }
                                    >
                                      <div
                                        style={Object {}}
                                      >
                                        ,
                                         
                                        <DateUnitButton
                                          active={false}
                                          onClick={[Function]}
                                        >
                                          <Blank
                                            className="SectionNavigation-module_action__wr6E9 "
                                            onClick={[Function]}
                                            tabIndex={-1}
                                          >
                                            <button
                                              className="Blank-module_ButtonBlank__2u_7K SectionNavigation-module_action__wr6E9 "
                                              onClick={[Function]}
                                              tabIndex={-1}
                                            >
                                              <Typography
                                                style={Object {}}
                                              >
                                                <Component
                                                  style={Object {}}
                                                >
                                                  <span
                                                    className=""
                                                    data-qa="text"
                                                    style={
                                                      Object {
                                                        "color": "hsl(0, 2%, 22%)",
                                                        "fontFamily": "Inter",
                                                        "fontSize": "14px",
                                                        "fontWeight": 400,
                                                        "textAlign": "initial",
                                                        "textTransform": "initial",
                                                      }
                                                    }
                                                  >
                                                    <Typography
                                                      bold={true}
                                                    >
                                                      <Component
                                                        bold={true}
                                                      >
                                                        <span
                                                          className=""
                                                          data-qa="text"
                                                          style={
                                                            Object {
                                                              "color": "hsl(0, 2%, 22%)",
                                                              "fontFamily": "Inter",
                                                              "fontSize": "14px",
                                                              "fontWeight": 600,
                                                              "textAlign": "initial",
                                                              "textTransform": "initial",
                                                            }
                                                          }
                                                        >
                                                          1984
                                                        </span>
                                                      </Component>
                                                    </Typography>
                                                  </span>
                                                </Component>
                                              </Typography>
                                            </button>
                                          </Blank>
                                        </DateUnitButton>
                                      </div>
                                    </div>
                                  </AnimateHeight>
                                </YearUnit>
                              </div>
                            </DateHeader>
                          </div>
                          <div
                            style={
                              Object {
                                "height": 300,
                                "width": 300,
                              }
                            }
                          >
                            <div
                              style={
                                Object {
                                  "display": "flex",
                                  "flex": 1,
                                  "overflow": "hidden",
                                }
                              }
                            >
                              <div
                                id="section-row"
                                style={
                                  Object {
                                    "display": "flex",
                                    "minHeight": "min-content",
                                  }
                                }
                              >
                                <Section
                                  open={false}
                                  style={
                                    Object {
                                      "marginLeft": -0,
                                      "transition": "all 350ms ease-in",
                                    }
                                  }
                                />
                                <Section
                                  open={false}
                                />
                                <Section
                                  open={false}
                                />
                              </div>
                            </div>
                          </div>
                        </div>
                      </Segment>
                    </div>
                  </div>
                </AnimateHeight>
              </Picker>
            </div>
          </LowLevelDatePicker>
          <span
            className="bar "
          />
        </div>
        <label
          className="FloatedLabel"
          data-qa="base-input-element-label"
          onClick={[Function]}
          style={
            Object {
              "backgroundColor": undefined,
              "color": "hsl(356, 3%, 59%)",
              "cursor": "text",
              "width": undefined,
            }
          }
        >
          Date
        </label>
      </div>
    </FloatingLabelWrapper>
  </DatePickerBase>
</Date$1>
`;
