// Jest Snapshot v1, https://goo.gl/fbAQLP

exports[`Decimal renders Decimal without crashing 1`] = `
<DecimalInput
  input={
    Object {
      "onChange": [Function],
      "value": 0,
    }
  }
>
  <div
    className="styles-module_input__28syv"
  >
    <FloatingLabelWrapper
      error={false}
      onChange={[Function]}
      value={0}
    >
      <div
        className="FloatingLabelWrapper GenericInput "
        style={
          Object {
            "color": "hsl(0, 2%, 12%)",
            "cursor": "text",
            "position": "relative",
          }
        }
      >
        <div
          className="noLabelInputWrapper  bd-radius"
        >
          <NumberFormat
            allowEmptyFormatting={false}
            allowLeadingZeros={false}
            allowNegative={true}
            aria-invalid={false}
            decimalScale={2}
            decimalSeparator="."
            displayType="input"
            fixedDecimalScale={false}
            getInputRef={[Function]}
            isAllowed={[Function]}
            isNumericString={false}
            onBlur={[Function]}
            onChange={[Function]}
            onClick={[Function]}
            onFocus={[Function]}
            onKeyDown={[Function]}
            onMouseUp={[Function]}
            onValueChange={[Function]}
            prefix=""
            style={
              Object {
                "color": "hsl(0, 2%, 12%)",
                "cursor": "text",
                "textAlign": undefined,
              }
            }
            suffix=""
            thousandSeparator={true}
            thousandsGroupStyle="thousand"
            type="text"
            value={0}
          >
            <input
              aria-invalid={false}
              onBlur={[Function]}
              onChange={[Function]}
              onClick={[Function]}
              onFocus={[Function]}
              onKeyDown={[Function]}
              onMouseUp={[Function]}
              style={
                Object {
                  "color": "hsl(0, 2%, 12%)",
                  "cursor": "text",
                  "textAlign": undefined,
                }
              }
              type="text"
              value="0"
            />
          </NumberFormat>
          <span
            className="bar "
          />
        </div>
      </div>
    </FloatingLabelWrapper>
  </div>
</DecimalInput>
`;
