// Jest Snapshot v1, https://goo.gl/fbAQLP

exports[`Money renders Money without crashing 1`] = `
<MoneyInput
  input={
    Object {
      "onChange": [Function],
      "value": 0,
    }
  }
>
  <div
    style={
      Object {
        "width": "100%",
      }
    }
  >
    <FloatingLabelWrapper
      error={false}
      onChange={[Function]}
      value={0}
    >
      <div
        className="FloatingLabelWrapper GenericInput "
        style={
          Object {
            "cursor": "text",
            "position": "relative",
          }
        }
      >
        <div
          className="inputWrapper   bd-radius"
        >
          <NumberFormat
            allowEmptyFormatting={false}
            allowLeadingZeros={false}
            allowNegative={true}
            aria-invalid={false}
            decimalScale={2}
            decimalSeparator="."
            displayType="input"
            fixedDecimalScale={false}
            getInputRef={[Function]}
            isAllowed={[Function]}
            isNumericString={false}
            onBlur={[Function]}
            onChange={[Function]}
            onFocus={[Function]}
            onKeyDown={[Function]}
            onMouseUp={[Function]}
            onValueChange={[Function]}
            prefix="$"
            style={
              Object {
                "textAlign": "left",
              }
            }
            suffix=""
            thousandSeparator={true}
            thousandsGroupStyle="thousand"
            type="text"
            value=""
          >
            <input
              aria-invalid={false}
              onBlur={[Function]}
              onChange={[Function]}
              onFocus={[Function]}
              onKeyDown={[Function]}
              onMouseUp={[Function]}
              style={
                Object {
                  "textAlign": "left",
                }
              }
              type="text"
              value=""
            />
          </NumberFormat>
          <span
            className="bar "
          />
        </div>
      </div>
    </FloatingLabelWrapper>
  </div>
</MoneyInput>
`;
