// Jest Snapshot v1, https://goo.gl/fbAQLP

exports[`Password Input renders without crashing 1`] = `
<Password>
  <div
    style={
      Object {
        "alignItems": "center",
        "display": "flex",
        "width": "calc(100% + 24px)",
      }
    }
  >
    <Base
      autoComplete="off"
      autoFocus={false}
      data-qa="base-input-element"
      data-qa-label="base-input-element-label"
      error={false}
      style={
        Object {
          "width": "100%",
        }
      }
      type="password"
    >
      <FloatingLabelWrapper
        data-qa-label="base-input-element-label"
        error={false}
        style={
          Object {
            "width": "100%",
          }
        }
      >
        <div
          className="FloatingLabelWrapper GenericInput "
          style={
            Object {
              "color": "hsl(0, 2%, 12%)",
              "cursor": "text",
              "position": "relative",
              "width": "100%",
            }
          }
        >
          <div
            className="inputWrapper  bd-radius"
          >
            <input
              aria-invalid={false}
              autoComplete="off"
              autoFocus={false}
              data-qa="base-input-element"
              data-qa-label="base-input-element-label"
              onBlur={[Function]}
              onClick={[Function]}
              onFocus={[Function]}
              style={
                Object {
                  "color": "hsl(0, 2%, 12%)",
                  "cursor": undefined,
                  "textAlign": undefined,
                }
              }
              type="password"
            />
            <span
              className="bar "
            />
          </div>
        </div>
      </FloatingLabelWrapper>
    </Base>
    <Component
      className="pointer"
      color="hsl(0, 0%, 77%)"
      onClick={[Function]}
      size={24}
      style={
        Object {
          "position": "relative",
          "right": "36px",
        }
      }
    >
      <DefaultIcon
        className="pointer"
        color="hsl(0, 0%, 77%)"
        name="eye"
        onClick={[Function]}
        size={24}
        style={
          Object {
            "position": "relative",
            "right": "36px",
          }
        }
      >
        <Eye
          className="pointer"
          color="hsl(0, 0%, 77%)"
          name="eye"
          onClick={[Function]}
          size={24}
          style={
            Object {
              "position": "relative",
              "right": "36px",
            }
          }
        >
          <IconWrapper
            className="pointer"
            color="hsl(0, 0%, 77%)"
            name="eye"
            onClick={[Function]}
            size={24}
            style={
              Object {
                "position": "relative",
                "right": "36px",
              }
            }
          >
            <div
              className="CohubIcon eyeIcon pointer cursor-pointer"
              onClick={[Function]}
              style={
                Object {
                  "height": 24,
                  "opacity": undefined,
                  "position": "relative",
                  "right": "36px",
                  "transition": "opacity 300ms ease-in 200ms",
                  "width": 24,
                }
              }
            >
              <div
                className="flex justify-center items-center"
              >
                <svg
                  height={24}
                  viewBox="0 0 24 24"
                  width={24}
                >
                  <path
                    d="M0,0h24v24h-24Z"
                    fill="none"
                  />
                  <path
                    d="M12,4.5c-5,0 -9.27,3.11 -11,7.5c1.73,4.39 6,7.5 11,7.5c5,0 9.27,-3.11 11,-7.5c-1.73,-4.39 -6,-7.5 -11,-7.5Zm0,12.5c-2.76,0 -5,-2.24 -5,-5c0,-2.76 2.24,-5 5,-5c2.76,0 5,2.24 5,5c0,2.76 -2.24,5 -5,5Zm0,-8c-1.66,0 -3,1.34 -3,3c0,1.66 1.34,3 3,3c1.66,0 3,-1.34 3,-3c0,-1.66 -1.34,-3 -3,-3Z"
                    fill="hsl(0, 0%, 77%)"
                  />
                </svg>
              </div>
            </div>
          </IconWrapper>
        </Eye>
      </DefaultIcon>
    </Component>
  </div>
</Password>
`;
