// Jest Snapshot v1, https://goo.gl/fbAQLP

exports[`Buttons renders 1`] = `
<Buttons>
  <Secondary>
    <Base
      backgroundColor="hsl(0, 0%, 100%)"
      style={
        Object {
          "color": "hsl(212, 14%, 35%)",
        }
      }
    >
      <button
        className="CohubButton "
        style={
          Object {
            "backgroundColor": "hsl(0, 0%, 100%)",
            "boxShadow": "0 1px 3px hsla(0, 0%, 0%, 0.1), inset 0px 1px 0px #F2F2F2",
            "color": "hsl(212, 14%, 35%)",
          }
        }
      >
        <div
          className="button-text relative flex items-center"
        >
          <Component
            color="hsl(212, 14%, 35%)"
            style={
              Object {
                "opacity": 1,
                "transition": "opacity 150ms ease-in",
              }
            }
            uppercase={true}
          >
            <span
              className=""
              data-qa="text"
              style={
                Object {
                  "color": "hsl(212, 14%, 35%)",
                  "fontFamily": "Inter",
                  "fontSize": 12,
                  "fontWeight": 400,
                  "opacity": 1,
                  "textAlign": "initial",
                  "textTransform": "uppercase",
                  "transition": "opacity 150ms ease-in",
                }
              }
            >
              <div
                className="flex items-center"
                style={
                  Object {
                    "flexDirection": "row",
                  }
                }
              >
                <span
                  style={
                    Object {
                      "marginLeft": "",
                      "marginRight": "",
                    }
                  }
                >
                  push me
                </span>
              </div>
            </span>
          </Component>
        </div>
      </button>
    </Base>
  </Secondary>
</Buttons>
`;
