// Jest Snapshot v1, https://goo.gl/fbAQLP

exports[`Base Button renders without crashing 1`] = `
<button
  className="CohubButton "
  style={
    Object {
      "backgroundColor": "hsl(0, 0%, 77%)",
      "boxShadow": "0 1px 3px hsla(0, 0%, 0%, 0.1), inset 0px 1px 0px hsl(0, 0%, 92%)",
    }
  }
>
  <div
    className="button-text relative flex items-center"
  >
    <Component
      color="#EFF7EE"
      style={
        Object {
          "opacity": 1,
          "transition": "opacity 150ms ease-in",
        }
      }
      uppercase={true}
    >
      <div
        className="flex items-center"
        style={
          Object {
            "flexDirection": "row",
          }
        }
      >
        <span
          style={
            Object {
              "marginLeft": "",
              "marginRight": "",
            }
          }
        >
          push me
        </span>
      </div>
    </Component>
  </div>
</button>
`;
