// Jest Snapshot v1, https://goo.gl/fbAQLP

exports[`Outline Button renders without crashing 1`] = `
<Outline>
  <OutlineButtonBase>
    <Base
      backgroundColor="hsl(0, 0%, 100%)"
      raised={false}
      style={
        Object {
          "border": ".75px solid hsl(0, 3%, 7%)",
          "color": "hsl(0, 3%, 7%)",
        }
      }
    >
      <button
        className="CohubButton "
        style={
          Object {
            "backgroundColor": "hsl(0, 0%, 100%)",
            "border": ".75px solid hsl(0, 3%, 7%)",
            "boxShadow": undefined,
            "color": "hsl(0, 3%, 7%)",
          }
        }
      >
        <div
          className="button-text relative flex items-center"
        >
          <Component
            color="hsl(0, 3%, 7%)"
            style={
              Object {
                "opacity": 1,
                "transition": "opacity 150ms ease-in",
              }
            }
            uppercase={true}
          >
            <span
              className=""
              data-qa="text"
              style={
                Object {
                  "color": "hsl(0, 3%, 7%)",
                  "fontFamily": "Inter",
                  "fontSize": 12,
                  "fontWeight": 400,
                  "opacity": 1,
                  "textAlign": "initial",
                  "textTransform": "uppercase",
                  "transition": "opacity 150ms ease-in",
                }
              }
            >
              <div
                className="flex items-center"
                style={
                  Object {
                    "flexDirection": "row",
                  }
                }
              >
                <span
                  style={
                    Object {
                      "marginLeft": "",
                      "marginRight": "",
                    }
                  }
                >
                  push me
                </span>
              </div>
            </span>
          </Component>
        </div>
      </button>
    </Base>
  </OutlineButtonBase>
</Outline>
`;
