// Jest Snapshot v1, https://goo.gl/fbAQLP

exports[`renders FormatMoney without crashing 1`] = `
<FormatMoney
  extendedPrecision={true}
  value={0}
>
  <span>
    <NumberFormat
      allowEmptyFormatting={false}
      allowLeadingZeros={false}
      allowNegative={true}
      decimalScale={2}
      decimalSeparator="."
      displayType="text"
      fixedDecimalScale={true}
      getInputRef={[Function]}
      isAllowed={[Function]}
      isNumericString={false}
      onBlur={[Function]}
      onChange={[Function]}
      onFocus={[Function]}
      onKeyDown={[Function]}
      onMouseUp={[Function]}
      onValueChange={[Function]}
      prefix="$"
      suffix=""
      thousandSeparator={true}
      thousandsGroupStyle="thousand"
      type="text"
      value={0}
    >
      <span>
        $0.00
      </span>
    </NumberFormat>
  </span>
</FormatMoney>
`;
