// Jest Snapshot v1, https://goo.gl/fbAQLP

exports[`renders without crashing 1`] = `
<FormGroup
  direction="horizontal"
>
  <div
    className="FormGroup-module_horizontal__M22Uj undefined"
  >
    <div>
      test
    </div>
  </div>
</FormGroup>
`;
