// Jest Snapshot v1, https://goo.gl/fbAQLP

exports[`ScrollIntoView renders 1`] = `
<ScrollIntoView
  className=""
  scroll={true}
  scrollOpts={Object {}}
>
  <div
    className=" w-100"
  />
</ScrollIntoView>
`;
