// Jest Snapshot v1, https://goo.gl/fbAQLP

exports[`renders without crashing 1`] = `
<Tooltip
  arrow={true}
  content="test content"
  delay={
    Array [
      100,
      50,
    ]
  }
  duration={250}
  interactive={false}
  placement="top"
  theme="dark"
  trigger="mouseenter"
>
  <ForwardRef(TippyWrapper)
    animateFill={false}
    arrow={true}
    content="test content"
    delay={
      Array [
        100,
        50,
      ]
    }
    duration={250}
    interactive={false}
    placement="top"
    popperOptions={
      Object {
        "modifiers": Object {
          "preventOverflow": Object {
            "boundariesElement": "window",
          },
        },
      }
    }
    theme="dark"
    trigger="mouseenter"
  >
    <Tippy
      animateFill={false}
      arrow={true}
      content="test content"
      delay={
        Array [
          100,
          50,
        ]
      }
      duration={250}
      interactive={false}
      placement="top"
      popperOptions={
        Object {
          "modifiers": Object {
            "preventOverflow": Object {
              "boundariesElement": "window",
            },
          },
        }
      }
      theme="dark"
      trigger="mouseenter"
    >
      <span>
        <div>
          Tooltip reference
        </div>
      </span>
      <Portal
        containerInfo={
          <div>
            test content
          </div>
        }
      >
        test content
      </Portal>
    </Tippy>
  </ForwardRef(TippyWrapper)>
</Tooltip>
`;
